F:\School\BME-VIK_inf\Semester_VII\NukElk\MCU\NukElk_uC_LPC845\drivers/fsl_gpio.h:153:20:GPIO_PinWrite	24	static
F:\School\BME-VIK_inf\Semester_VII\NukElk\MCU\NukElk_uC_LPC845\drivers/fsl_gpio.h:186:20:GPIO_PortSet	24	static
F:\School\BME-VIK_inf\Semester_VII\NukElk\MCU\NukElk_uC_LPC845\drivers/fsl_gpio.h:198:20:GPIO_PortClear	24	static
../source/ic_drivers/SSD1309.c:17:6:RES_Clr	8	static
../source/ic_drivers/SSD1309.c:23:6:RES_Set	8	static
../source/ic_drivers/SSD1309.c:30:6:DC_OLED_Write	16	static
../source/ic_drivers/SSD1309.c:35:6:CyDelay	24	static
../source/ic_drivers/SSD1309.c:44:6:swap	24	static
../source/ic_drivers/SSD1309.c:54:6:OLED_init	8	static
../source/ic_drivers/SSD1309.c:109:6:OLED_reset_sequence	8	static
../source/ic_drivers/SSD1309.c:124:6:OLED_write	16	static
../source/ic_drivers/SSD1309.c:142:6:OLED_gotoxy	16	static
../source/ic_drivers/SSD1309.c:150:6:OLED_fill	24	static
../source/ic_drivers/SSD1309.c:169:6:OLED_clear_screen	8	static
../source/ic_drivers/SSD1309.c:175:6:OLED_clear_buffer	16	static
../source/ic_drivers/SSD1309.c:186:6:OLED_cursor	24	static
../source/ic_drivers/SSD1309.c:209:6:OLED_print_Image	24	static
../source/ic_drivers/SSD1309.c:234:6:OLED_draw_bitmap	32	static
../source/ic_drivers/SSD1309.c:252:6:OLED_print_char	32	static
../source/ic_drivers/SSD1309.c:275:6:OLED_print_string	32	static
../source/ic_drivers/SSD1309.c:303:6:OLED_print_chr	32	static
../source/ic_drivers/SSD1309.c:344:6:OLED_print_int	32	static
../source/ic_drivers/SSD1309.c:428:6:OLED_print_decimal	32	static
../source/ic_drivers/SSD1309.c:465:6:OLED_print_float	32	static
../source/ic_drivers/SSD1309.c:509:6:Draw_Pixel	32	static
../source/ic_drivers/SSD1309.c:534:6:Draw_Line	48	static
../source/ic_drivers/SSD1309.c:607:6:Draw_V_Line	24	static
../source/ic_drivers/SSD1309.c:625:6:Draw_H_Line	24	static
../source/ic_drivers/SSD1309.c:643:6:Draw_Triangle	88	static
../source/ic_drivers/SSD1309.c:764:6:Draw_Rectangle	56	static
../source/ic_drivers/SSD1309.c:823:6:Draw_Circle	56	static
../source/ic_drivers/SSD1309.c:892:6:ReScale	24	static
../source/ic_drivers/SSD1309.c:927:6:Scope	40	static
