F:\School\BME-VIK_inf\Semester_VII\NukElk\MCU\NukElk_uC_LPC845\CMSIS/core_cm0plus.h:866:22:__NVIC_SetPriority	24	static
F:\School\BME-VIK_inf\Semester_VII\NukElk\MCU\NukElk_uC_LPC845\CMSIS/core_cm0plus.h:1074:26:SysTick_Config	16	static
F:\School\BME-VIK_inf\Semester_VII\NukElk\MCU\NukElk_uC_LPC845\drivers/fsl_gpio.h:153:20:GPIO_PinWrite	24	static
F:\School\BME-VIK_inf\Semester_VII\NukElk\MCU\NukElk_uC_LPC845\drivers/fsl_gpio.h:210:20:GPIO_PortToggle	24	static
F:\School\BME-VIK_inf\Semester_VII\NukElk\MCU\NukElk_uC_LPC845\drivers/fsl_ctimer.h:353:24:CTIMER_GetTimerCountValue	16	static
F:\School\BME-VIK_inf\Semester_VII\NukElk\MCU\NukElk_uC_LPC845\drivers/fsl_ctimer.h:497:20:CTIMER_StartTimer	16	static
F:\School\BME-VIK_inf\Semester_VII\NukElk\MCU\NukElk_uC_LPC845\drivers/fsl_ctimer.h:507:20:CTIMER_StopTimer	16	static
F:\School\BME-VIK_inf\Semester_VII\NukElk\MCU\NukElk_uC_LPC845\drivers/fsl_ctimer.h:521:20:CTIMER_Reset	16	static
F:\School\BME-VIK_inf\Semester_VII\NukElk\MCU\NukElk_uC_LPC845\drivers/fsl_mrt.h:222:20:MRT_ClearStatusFlags	24	static
F:\School\BME-VIK_inf\Semester_VII\NukElk\MCU\NukElk_uC_LPC845\drivers/fsl_mrt.h:289:20:MRT_StartTimer	24	static
F:\School\BME-VIK_inf\Semester_VII\NukElk\MCU\NukElk_uC_LPC845\drivers/fsl_power.h:142:20:POWER_EnablePD	16	static
F:\School\BME-VIK_inf\Semester_VII\NukElk\MCU\NukElk_uC_LPC845\drivers/fsl_power.h:153:20:POWER_DisablePD	16	static
../source/NukElk_uC_LPC845.c:55:6:SysTick_Handler	8	static
../source/NukElk_uC_LPC845.c:106:6:MRT0_IRQHandler	8	static
../source/NukElk_uC_LPC845.c:126:9:set_vars	48	static
../source/NukElk_uC_LPC845.c:192:9:check_vars	32	static
../source/NukElk_uC_LPC845.c:252:6:meth_out_value	40	static
../source/NukElk_uC_LPC845.c:289:6:write_mA	16	static
../source/NukElk_uC_LPC845.c:302:6:read_cps	16	static
../source/NukElk_uC_LPC845.c:314:6:display_texts	24	static
../source/NukElk_uC_LPC845.c:323:5:main	1344	static
