F:\School\BME-VIK_inf\Semester_VII\NukElk\MCU\NukElk_uC_LPC845\CMSIS/core_cm0plus.h:757:22:__NVIC_EnableIRQ	16	static
F:\School\BME-VIK_inf\Semester_VII\NukElk\MCU\NukElk_uC_LPC845\drivers/fsl_common_arm.h:667:24:EnableIRQ	24	static
F:\School\BME-VIK_inf\Semester_VII\NukElk\MCU\NukElk_uC_LPC845\drivers/fsl_sctimer.h:503:20:SCTIMER_StartTimer	16	static
F:\School\BME-VIK_inf\Semester_VII\NukElk\MCU\NukElk_uC_LPC845\drivers/fsl_dac.h:143:20:DAC_EnableCounter	16	static
F:\School\BME-VIK_inf\Semester_VII\NukElk\MCU\NukElk_uC_LPC845\drivers/fsl_mrt.h:128:20:MRT_SetupChannelMode	24	static
F:\School\BME-VIK_inf\Semester_VII\NukElk\MCU\NukElk_uC_LPC845\drivers/fsl_mrt.h:157:20:MRT_EnableInterrupts	24	static
../board/peripherals.c:95:13:CTIMER0_init	8	static
../board/peripherals.c:154:13:SPI0_init	8	static
../board/peripherals.c:227:13:USART0_init	8	static
../board/peripherals.c:305:13:SCT0_init	16	static
../board/peripherals.c:349:13:DAC0_init	8	static
../board/peripherals.c:403:13:MRT0_init	8	static
../board/peripherals.c:417:6:BOARD_InitPeripherals	8	static
../board/peripherals.c:431:6:BOARD_InitBootPeripherals	8	static
