F:\School\BME-VIK_inf\Semester_VII\NukElk\MCU\NukElk_uC_LPC845\drivers/fsl_clock.h:558:20:CLOCK_EnableClock	16	static
F:\School\BME-VIK_inf\Semester_VII\NukElk\MCU\NukElk_uC_LPC845\drivers/fsl_clock.h:569:20:CLOCK_DisableClock	16	static
F:\School\BME-VIK_inf\Semester_VII\NukElk\MCU\NukElk_uC_LPC845\drivers/fsl_iocon.h:102:22:IOCON_PinMuxSet	24	static
../board/pin_mux.c:57:6:BOARD_InitBootPins	8	static
../board/pin_mux.c:89:6:BOARD_InitPins	8	static
../board/pin_mux.c:116:6:BOARD_InitLEDsPins	32	static
../board/pin_mux.c:211:6:BOARD_InitDEBUG_UARTPins	16	static
../board/pin_mux.c:279:6:BOARD_InitSWD_DEBUGPins	16	static
../board/pin_mux.c:333:6:InitBUTTONsPins	16	static
../board/pin_mux.c:384:6:TIMERPins	8	static
../board/pin_mux.c:428:6:DispPins	16	static
../board/pin_mux.c:529:6:BCDPins	40	static
../board/pin_mux.c:703:6:I2CpPins	8	static
../board/pin_mux.c:737:6:SPEAKPins	16	static
../board/pin_mux.c:786:6:DACPins	8	static
