F:\School\BME-VIK_inf\Semester_VII\NukElk\MCU\NukElk_uC_LPC845\drivers/fsl_clock.h:558:20:CLOCK_EnableClock	16	static
F:\School\BME-VIK_inf\Semester_VII\NukElk\MCU\NukElk_uC_LPC845\drivers/fsl_clock.h:569:20:CLOCK_DisableClock	16	static
F:\School\BME-VIK_inf\Semester_VII\NukElk\MCU\NukElk_uC_LPC845\drivers/fsl_iocon.h:102:22:IOCON_PinMuxSet	24	static
../board/pin_mux.c:57:6:BOARD_InitBootPins	8	static
../board/pin_mux.c:88:6:BOARD_InitPins	8	static
../board/pin_mux.c:115:6:BOARD_InitLEDsPins	32	static
../board/pin_mux.c:210:6:BOARD_InitDEBUG_UARTPins	16	static
../board/pin_mux.c:278:6:BOARD_InitSWD_DEBUGPins	16	static
../board/pin_mux.c:332:6:InitBUTTONsPins	16	static
../board/pin_mux.c:383:6:TIMERPins	8	static
../board/pin_mux.c:427:6:DispPins	16	static
../board/pin_mux.c:528:6:BCDPins	40	static
../board/pin_mux.c:702:6:SPEAKPins	16	static
../board/pin_mux.c:751:6:DACPins	8	static
